
Memory Configuration

Name             Origin             Length             Attributes
flash            0x00000000         0x20000000         xr
sram             0x20000000         0x20000000         xrw
*default*        0x00000000         0xffffffff

Linker script and memory map


.text           0x00000000      0x1b0
 *(.vectors*)
 .vectors       0x00000000       0x58 startup.o
                0x00000000                g_arr_p_fn
 *(.text*)
 .text          0x00000058       0xc0 startup.o
                0x00000058                FLASH_Handler
                0x00000058                SVCall_Handler
                0x00000058                HardFault_Handler
                0x00000058                SysTick_Handler
                0x00000058                PendSV_Handler
                0x00000058                NMI_Handler
                0x00000058                WWDG_Handler
                0x00000058                RTC_Handler
                0x00000058                UsageFault_Handler
                0x00000058                EXTI1_Handler
                0x00000058                Reset_Handler
                0x00000058                EXTI2_Handler
                0x00000058                Reserved_Handler
                0x00000058                EXTI0_Handler
                0x00000058                RCC_Handler
                0x00000058                PVD_Handler
                0x00000058                MM_mange_Handler
                0x00000058                BusFault_Handler
                0x00000058                DebugMonitor_Handler
                0x00000058                TAMPER_Handler
 .text          0x00000118       0x98 Toggle.o
                0x00000118                main
 *(.rodata)
                0x000001b0                . = ALIGN (0x4)
                0x000001b0                _e_text = .

.glue_7         0x000001b0        0x0
 .glue_7        0x00000000        0x0 linker stubs

.glue_7t        0x000001b0        0x0
 .glue_7t       0x00000000        0x0 linker stubs

.vfp11_veneer   0x000001b0        0x0
 .vfp11_veneer  0x00000000        0x0 linker stubs

.v4_bx          0x000001b0        0x0
 .v4_bx         0x00000000        0x0 linker stubs

.iplt           0x000001b0        0x0
 .iplt          0x00000000        0x0 startup.o

.rel.dyn        0x000001b0        0x0
 .rel.iplt      0x00000000        0x0 startup.o

.data           0x20000000        0x0 load address 0x000001b0
                0x20000000                _s_data = .
 *(.data)
 .data          0x20000000        0x0 startup.o
 .data          0x20000000        0x0 Toggle.o
                0x20000000                . = ALIGN (0x4)
                0x20000000                _e_data = .

.igot.plt       0x20000000        0x0 load address 0x000001b0
 .igot.plt      0x00000000        0x0 startup.o

.bss            0x20000000      0x400 load address 0x000001b0
                0x20000000                _s_bss = .
 *(.bss*)
 .bss           0x20000000      0x400 startup.o
 .bss           0x20000400        0x0 Toggle.o
 *(.COMMON*)
                0x20000400                . = ALIGN (0x4)
                0x20000400                _e_bss = .
LOAD startup.o
LOAD Toggle.o
OUTPUT(Unit3_less4_T_Led_M4.elf elf32-littlearm)

.debug_info     0x00000000      0x218
 .debug_info    0x00000000      0x177 startup.o
 .debug_info    0x00000177       0xa1 Toggle.o

.debug_abbrev   0x00000000      0x124
 .debug_abbrev  0x00000000       0xbf startup.o
 .debug_abbrev  0x000000bf       0x65 Toggle.o

.debug_loc      0x00000000       0x70
 .debug_loc     0x00000000       0x38 startup.o
 .debug_loc     0x00000038       0x38 Toggle.o

.debug_aranges  0x00000000       0x40
 .debug_aranges
                0x00000000       0x20 startup.o
 .debug_aranges
                0x00000020       0x20 Toggle.o

.debug_line     0x00000000       0xe6
 .debug_line    0x00000000       0x7b startup.o
 .debug_line    0x0000007b       0x6b Toggle.o

.debug_str      0x00000000      0x13f
 .debug_str     0x00000000      0x11b startup.o
                                0x13d (size before relaxing)
 .debug_str     0x0000011b       0x24 Toggle.o
                                 0xdc (size before relaxing)

.comment        0x00000000       0x11
 .comment       0x00000000       0x11 startup.o
                                 0x12 (size before relaxing)
 .comment       0x00000000       0x12 Toggle.o

.ARM.attributes
                0x00000000       0x33
 .ARM.attributes
                0x00000000       0x33 startup.o
 .ARM.attributes
                0x00000033       0x33 Toggle.o

.debug_frame    0x00000000       0x5c
 .debug_frame   0x00000000       0x30 startup.o
 .debug_frame   0x00000030       0x2c Toggle.o
