
Allocating common symbols
Common symbol       size              file

g_un_variables      0x1               Toggle.o

Memory Configuration

Name             Origin             Length             Attributes
flash            0x08000000         0x00020000         xr
sram             0x20000000         0x00005000         xrw
*default*        0x00000000         0xffffffff

Linker script and memory map


.text           0x08000000      0x120
 *(.vectors*)
 .vectors       0x08000000       0x58 Startup_ASSEMBLY.o
 *(.text*)
 .text          0x08000058       0xbc Toggle.o
                0x08000058                main
                0x08000108                HardFault_Handler
 .text          0x08000114        0x8 Startup_ASSEMBLY.o
                0x08000114                _reset
 *(.rodata)
 .rodata        0x0800011c        0x1 Toggle.o
                0x0800011c                g_c_i_variables
                0x08000120                . = ALIGN (0x4)
 *fill*         0x0800011d        0x3 
                0x08000120                _e_text = .

.glue_7         0x08000120        0x0
 .glue_7        0x00000000        0x0 linker stubs

.glue_7t        0x08000120        0x0
 .glue_7t       0x00000000        0x0 linker stubs

.vfp11_veneer   0x08000120        0x0
 .vfp11_veneer  0x00000000        0x0 linker stubs

.v4_bx          0x08000120        0x0
 .v4_bx         0x00000000        0x0 linker stubs

.iplt           0x08000120        0x0
 .iplt          0x00000000        0x0 Toggle.o

.rel.dyn        0x08000120        0x0
 .rel.iplt      0x00000000        0x0 Toggle.o

.data           0x08000120        0x8
                0x08000120                _s_data = .
 *(.data)
 .data          0x08000120        0x8 Toggle.o
                0x08000120                R_ODR
                0x08000124                g_i_variables
 .data          0x08000128        0x0 Startup_ASSEMBLY.o
                0x08000128                . = ALIGN (0x4)
                0x08000128                _e_data = .

.igot.plt       0x08000128        0x0
 .igot.plt      0x00000000        0x0 Toggle.o

.bss            0x20000000     0x1005
                0x20000000                _s_bss = .
 *(.bss*)
 .bss           0x20000000        0x1 Toggle.o
                0x20000000                g_i_W_0_variables
 .bss           0x20000001        0x0 Startup_ASSEMBLY.o
                0x20000004                . = ALIGN (0x4)
 *fill*         0x20000001        0x3 
                0x20000004                _e_bss = .
                0x20001004                . = (. + 0x1000)
 *fill*         0x20000004     0x1000 
                0x20001004                _stack_top = .
 COMMON         0x20001004        0x1 Toggle.o
                0x20001004                g_un_variables
LOAD Toggle.o
LOAD Startup_ASSEMBLY.o
OUTPUT(Toggle_Led_cortex_M3.elf elf32-littlearm)

.debug_info     0x00000000      0x1cc
 .debug_info    0x00000000      0x17c Toggle.o
 .debug_info    0x0000017c       0x50 Startup_ASSEMBLY.o

.debug_abbrev   0x00000000       0xf2
 .debug_abbrev  0x00000000       0xde Toggle.o
 .debug_abbrev  0x000000de       0x14 Startup_ASSEMBLY.o

.debug_loc      0x00000000       0x64
 .debug_loc     0x00000000       0x64 Toggle.o

.debug_aranges  0x00000000       0x40
 .debug_aranges
                0x00000000       0x20 Toggle.o
 .debug_aranges
                0x00000020       0x20 Startup_ASSEMBLY.o

.debug_line     0x00000000       0xb2
 .debug_line    0x00000000       0x6e Toggle.o
 .debug_line    0x0000006e       0x44 Startup_ASSEMBLY.o

.debug_str      0x00000000      0x10d
 .debug_str     0x00000000      0x10d Toggle.o
                                0x12b (size before relaxing)

.comment        0x00000000       0x11
 .comment       0x00000000       0x11 Toggle.o
                                 0x12 (size before relaxing)

.ARM.attributes
                0x00000000       0x31
 .ARM.attributes
                0x00000000       0x33 Toggle.o
 .ARM.attributes
                0x00000033       0x21 Startup_ASSEMBLY.o

.debug_frame    0x00000000       0x44
 .debug_frame   0x00000000       0x44 Toggle.o
